// Jest Snapshot v1, https://goo.gl/fbAQLP

exports[`Page: /:space/activities/ | Activities Index Page renders properly 1`] = `
<div class="container-fluid mt--6">
  <div class="card-deck flex-column flex-xl-row">
    <div class="card">
      <div class="card-header">
        <div class="row align-items-center">
          <div class="col">
            <h3 class="page-title"><span>Activity Feed</span> <b>•</b> Usage Stream on Mobile Platform</h3>
          </div>
        </div>
      </div>
      <div class="card-body">
        <div class="m-n25 sh-activity">
          <table class="table table-hover table-striped">
            <tbody>
              <tr>
                <td> No activity recorded on platform</td>
              </tr>
            </tbody>
          </table>
        </div>
      </div>
      <!---->
      <div class="card-footer">
        <div class="text-center"><button type="button" class="btn mr-r-30 btn-link">‹ Previous</button> <button type="button" class="btn mr-l-30 btn-link"> Next ›</button></div>
      </div>
    </div>
  </div>
</div>
`;
