// Jest Snapshot v1, https://goo.gl/fbAQLP

exports[`Page: /:space/tags/ | Tags Index Page renders properly 1`] = `
<div>
  <div class="header pb-6">
    <div class="container-fluid">
      <div class="header-body">
        <div class="d-flex justify-content-between align-items-center py-4">
          <h1 class="page-title"><span>Tags</span> <b>•</b> All</h1> <a href="#_space/tags/add" class="btn text-white btn-primary rounded-0" target="_self">Add Tag</a>
        </div>
      </div>
    </div>
  </div>
  <div class="container-fluid mt--6">
    <div class="card-deck flex-column flex-xl-row">
      <div class="card">
        <div class="el-table table-responsive align-items-center table-flush table-striped el-table--fit el-table--scrollable-x el-table--enable-row-hover el-table--enable-row-transition">
          <div class="hidden-columns">
            <div></div>
            <div></div>
            <div></div>
            <div></div>
          </div>
          <div class="el-table__header-wrapper">
            <table cellspacing="0" cellpadding="0" border="0" class="el-table__header" style="width: 810px;">
              <colgroup>
                <col name="el-table_1_column_1" width="310">
                <col name="el-table_1_column_2" width="140">
                <col name="el-table_1_column_3" width="180">
                <col name="el-table_1_column_4" width="180">
              </colgroup>
              <thead class="">
                <tr class="thead-light">
                  <th colspan="1" rowspan="1" class="el-table_1_column_1     is-leaf is-sortable">
                    <div class="cell">Tag<span class="caret-wrapper"><i class="sort-caret ascending"></i><i class="sort-caret descending"></i></span></div>
                  </th>
                  <th colspan="1" rowspan="1" class="el-table_1_column_2     is-leaf">
                    <div class="cell">Type</div>
                  </th>
                  <th colspan="1" rowspan="1" class="el-table_1_column_3  is-center   is-leaf">
                    <div class="cell"></div>
                  </th>
                  <th colspan="1" rowspan="1" class="el-table_1_column_4  is-center   is-leaf">
                    <div class="cell"></div>
                  </th>
                </tr>
              </thead>
            </table>
          </div>
          <div class="el-table__body-wrapper is-scrolling-left">
            <table cellspacing="0" cellpadding="0" border="0" class="el-table__body" style="width: 810px;">
              <colgroup>
                <col name="el-table_1_column_1" width="310">
                <col name="el-table_1_column_2" width="140">
                <col name="el-table_1_column_3" width="180">
                <col name="el-table_1_column_4" width="180">
              </colgroup>
              <tbody>
                <tr class="el-table__row">
                  <td rowspan="1" colspan="1" class="el-table_1_column_1  ">
                    <div class="cell">
                      <h4>abakaliki (nigeria)</h4>
                    </div>
                  </td>
                  <td rowspan="1" colspan="1" class="el-table_1_column_2  ">
                    <div class="cell"><span>cities</span></div>
                  </td>
                  <td rowspan="1" colspan="1" class="el-table_1_column_3 is-center ">
                    <div class="cell"><button type="button" class="btn text-primary btn-transparent"><i class="fa fa-pen"></i> Edit
                      </button></div>
                  </td>
                  <td rowspan="1" colspan="1" class="el-table_1_column_4 is-center ">
                    <div class="cell"><button type="submit" class="btn text-danger btn-transparent"><i class="fa fa-times"></i> Remove
                      </button></div>
                  </td>
                </tr>
                <tr class="el-table__row">
                  <td rowspan="1" colspan="1" class="el-table_1_column_1  ">
                    <div class="cell">
                      <h4>accra (ghana)</h4>
                    </div>
                  </td>
                  <td rowspan="1" colspan="1" class="el-table_1_column_2  ">
                    <div class="cell"><span>cities</span></div>
                  </td>
                  <td rowspan="1" colspan="1" class="el-table_1_column_3 is-center ">
                    <div class="cell"><button type="button" class="btn text-primary btn-transparent"><i class="fa fa-pen"></i> Edit
                      </button></div>
                  </td>
                  <td rowspan="1" colspan="1" class="el-table_1_column_4 is-center ">
                    <div class="cell"><button type="submit" class="btn text-danger btn-transparent"><i class="fa fa-times"></i> Remove
                      </button></div>
                  </td>
                </tr>
                <!---->
              </tbody>
            </table>
            <!---->
            <!---->
          </div>
          <!---->
          <!---->
          <!---->
          <!---->
          <div class="el-table__column-resize-proxy" style="display: none;"></div>
        </div>
      </div>
    </div>
  </div>
  <div>
    <ul class="pagination justify-content-center">
      <li class="page-item prev-page disabled"><a aria-label="Previous" class="page-link"><span aria-hidden="true"><i aria-hidden="true" class="fa fa-angle-left"></i></span></a></li>
      <li class="page-item active"><a class="page-link">1</a></li>
      <li class="page-item next-page disabled"><a aria-label="Next" class="page-link"><span aria-hidden="true"><i aria-hidden="true" class="fa fa-angle-right"></i></span></a></li>
    </ul>
  </div>
  <div>
    <div id="edit-modal___BV_modal_outer_" style="position: absolute; z-index: 1040;">
      <transition-stub enterclass="" leaveclass="" entertoclass="" leavetoclass="" enteractiveclass="" leaveactiveclass="">
        <div id="edit-modal" role="dialog" aria-hidden="true" aria-labelledby="edit-modal___BV_modal_title_" aria-describedby="edit-modal___BV_modal_body_" class="modal fade" style="display: none;">
          <div class="modal-dialog modal-md">
            <!---->
            <div role="document" id="edit-modal___BV_modal_content_" tabindex="-1" class="modal-content">
              <header id="edit-modal___BV_modal_header_" class="modal-header">
                <h5 id="edit-modal___BV_modal_title_" class="modal-title">Edit Tag</h5><button type="button" aria-label="Close" class="close">×</button>
              </header>
              <div id="edit-modal___BV_modal_body_" class="modal-body">
                <form class="">
                  <div class="row">
                    <div class="form-group col-md-12"><label class="form-control-label">
                        Name of Tag
                      </label>
                      <div class="input-group has-label">
                        <!----> <input type="text" valid="true" required="required" placeholder="cities, ui, ux" class="form-control">
                        <!---->
                        <!---->
                        <!---->
                      </div>
                    </div>
                    <div class="form-group col-md-12"><label class="form-control-label">
                        Tag Type
                      </label>
                      <div class="input-group has-label">
                        <!----> <input type="text" valid="true" required="required" disabled="disabled" placeholder="profile_interest" class="form-control">
                        <!---->
                        <!---->
                        <!---->
                      </div>
                    </div>
                  </div> <button type="button" class="btn text-white float-right btn-primary rounded-0">
                    Update
                  </button>
                </form>
              </div>
              <!---->
            </div>
            <!---->
          </div>
        </div>
      </transition-stub>
      <transition-stub name="" css="true" enterclass="" leaveclass="show" entertoclass="show" leavetoclass="" enteractiveclass="fade" leaveactiveclass="fade">
        <!---->
      </transition-stub>
    </div>
  </div>
</div>
`;
