// Jest Snapshot v1, https://goo.gl/fbAQLP

exports[`Page: /:space/directory/ | Directory Id Index Page renders properly 1`] = `
<div>
  <div class="header pb-6">
    <div class="container-fluid">
      <div class="header-body">
        <div class="row py-4">
          <div class="col-md-6">
            <div class="d-flex justify-content-between">
              <h1 class="page-title"><span>Directory</span> <b>•</b> Profile</h1>
              <div class="d-flex align-items-center">
                <div class="custom-control custom-switch b-custom-control-lg"><input variant="success" type="checkbox" autocomplete="off" class="custom-control-input" value="checkin" id="__BVID__8"><label class="custom-control-label" for="__BVID__8"><span class="text-muted">Checked Out</span></label></div>
              </div>
            </div>
          </div>
          <div class="col-md-6 mr-l-child-10 text-right"><a href="#_space/memberships/_id" class="btn text-primary btn-transparent" target="_self"><i class="fas fa-edit"></i> Edit Membership
            </a> <button type="button" class="btn text-primary btn-transparent"><i class="fa fa-sticky-note"></i> View Notes
            </button> <button id="deleteMember" type="button" class="btn text-danger btn-transparent"><i class="fa fa-trash"></i> Delete Member
            </button></div>
        </div>
      </div>
    </div>
  </div>
  <div class="container-fluid mt--6">
    <div class="row">
      <div class="col-md-6">
        <div class="card">
          <div class="sh-p-header"><span class="label label-default sh-label"><i class="fa fa-star"></i> Founding Member
    </span>
            <div class="d-flex align-items-center pd-20 mr-5 mr-tb-20"><img src="https://d3mym26vamg9ol.cloudfront.net/profile/1572967236_44ab6978-e4fd-4985-8ec1-0bbfc2a0f2f9." class="mr-r-20 rounded-circle avatar-xxl">
              <div>
                <h1>Ashwin Ravichandran</h1>
                <h3 class="mr-b-10">MEST</h3> <i class="ti-location-pin"></i>
                123, 456, SF, 0, India
                <br> <i class="ti-calendar"></i>
                1990-07-10
              </div>
            </div>
          </div>
          <div class="card-body">
            <div class="row">
              <div class="col-md-6"><i class="fa fa-envelope"></i> ashwin@meltwater.org
              </div>
              <div class="col-md-6"><i class="fa fa-phone"></i> +233266563950
              </div>
            </div>
            <div class="row mt-2">
              <div class="col-md-6"><i class="fa fa-venus-mars"></i> male
              </div>
              <div class="col-md-6"><i class="fa fa-globe"></i> India
              </div>
            </div>
            <div class="row mt-2">
              <div class="col-md-6"><i class="fa fa-user"></i>
              </div>
            </div>
            <div class="mt-4">
              <div class="text-muted">
                Profile
              </div>
              <p>
                The world.
              </p>
              <div>
                <div class="text-muted">
                  Cities
                </div>
                <div class="text-muted">
                  Interests
                </div> <span class="badge mr-1 badge-default">startups</span><span class="badge mr-1 badge-default">investors</span>
                <div class="text-muted mt-2">Offers</div> <span class="badge mr-1 badge-default">investments</span><span class="badge mr-1 badge-default">venture capital</span>
                <div class="text-muted mt-2">Skills</div> <span class="badge mr-1 badge-default">venture</span><span class="badge mr-1 badge-default">invest</span>
              </div>
            </div>
            <div class="mt-4">
              <p><i class="ti-id-badge"></i> 001000</p>
              <p><i class="ti-twitter-alt"></i> https://twitter.com/ashwin107</p>
              <p><i class="ti-linkedin"></i> http://www.linkedin.com/in/ashwinravichandran</p>
              <p><i class="ti-world"></i> </p>
            </div>
            <div class="sh-dls"><span> Joined on:</span> November 05, 2019
            </div>
            <div class="sh-dls"><span>Renewal due by:</span> November 06, 2020
            </div>
            <div class="sh-dls"><span>Last Checkin Timestamp:</span> January 16, 2020 02:40:55
            </div>
            <hr align="left" class="w-25 bg-dark3 text-default"> <span><div class="sh-dls"><span>Reference:</span>
          </div></span>
          <div class="sh-dls"><span> Paid by:</span>
            <nuxt-link-stub to="[object Object]">Gerhard Malah</nuxt-link-stub>
          </div>
          <div class="sh-dls"><span> Paying for:</span> </div>
        </div>
      </div>
    </div>
    <div class="col-md-6">
      <div class="card">
        <div class="card-header bg-transparent">
          <div class="d-flex justify-content-between align-items-center">
            <div class="txt-upper">
              Card Details
            </div> <button type="button" class="btn text-primary btn-transparent"><i class="fa fa-credit-card"></i> Add New Card
            </button>
          </div>
        </div>
        <div class="card-body">
          <div class="m-n25">
            <table class="table table-hover table-striped">
              <tbody>
                <tr>
                  <td>
                    MASTERCARD
                  </td>
                  <td>
                    Jun 2022
                  </td>
                  <td><button type="button" class="btn text-danger btn-transparent btn-
                        sm"><i class="fa fa-trash"></i></button></td>
                </tr>
              </tbody>
            </table>
          </div>
        </div>
        <!---->
        <!---->
      </div>
      <div class="card">
        <div class="card-header">
          <div class="d-flex justify-content-between align-items-center">
            <div class="txt-upper">
              MEMBERSHIP PLAN
            </div> <button id="addPlanBtn" type="button" class="btn text-primary btn-transparent"><i class="fa fa-plus"></i> Add New Plan
            </button>
          </div>
        </div>
        <div class="card-body">
          <div class="m-n25">
            <table class="table table-hover table-striped">
              <tbody>
                <tr>
                  <div>
                    <td>Individual Membership</td>
                    <td>Until 06 Nov, 2020</td>
                    <td><button id="popover-1-top" type="button" class="btn text-primary btn-transparent btn-sm"><i class="fas fa-user-shield"></i></button>
                      <b-popover-stub target="popover-1-top" triggers="hover focus" placement="top" fallbackplacement="flip" delay="50" boundary="scrollParent" boundarypadding="5" offset="0" content="Make plan primary"></b-popover-stub> <button type="button" class="btn text-primary btn-transparent btn-sm"><i class="fa fa-exchange-alt"></i></button> <button type="button" class="btn text-danger btn-transparent btn-sm"><i class="fa fa-trash"></i></button>
                    </td>
                  </div>
                </tr>
              </tbody>
            </table>
          </div>
        </div>
        <!---->
        <!---->
      </div>
      <div class="card">
        <div class="card-header">
          <div class="d-flex align-items-center justify-content-between">
            <div class="txt-upper">
              CheckIn
            </div>
            <div style="width: 200px;">
              <no-ssr-stub>
                <div class="mx-datepicker mx-datepicker-range" style="width: 100%;" id="time">
                  <div class="mx-input-wrapper"><input name="date" type="text" autocomplete="off" placeholder="Start Date" class="form-control"> <span class="mx-input-append mx-clear-wrapper"><i class="mx-input-icon mx-clear-icon"></i></span> <span class="mx-input-append"><svg xmlns="http://www.w3.org/2000/svg" version="1.1" viewBox="0 0 200 200" class="mx-calendar-icon"><rect x="13" y="29" rx="14" ry="14" width="174" height="158" fill="transparent"></rect> <line x1="46" x2="46" y1="8" y2="50"></line> <line x1="154" x2="154" y1="8" y2="50"></line> <line x1="13" x2="187" y1="70" y2="70"></line> <text x="50%" y="135" font-size="90" stroke-width="1" text-anchor="middle" dominant-baseline="middle">18</text></svg></span></div>
                  <div class="mx-datepicker-popup" style="display: none;">
                    <div class="mx-shortcuts-wrapper"><button type="button" class="mx-shortcuts">next 7 days</button><button type="button" class="mx-shortcuts">next 30 days</button><button type="button" class="mx-shortcuts">previous 7 days</button><button type="button" class="mx-shortcuts">previous 30 days</button></div>
                    <div class="mx-range-wrapper">
                      <div class="mx-calendar mx-calendar-panel-none" id="time" style="box-shadow: 1px 0 rgba(0, 0, 0, .1);">
                        <div class="mx-calendar-header"><a class="mx-icon-last-year">«</a> <a class="mx-icon-last-month" style="display: none;">‹</a> <a class="mx-icon-next-year">»</a> <a class="mx-icon-next-month" style="display: none;">›</a> <a class="mx-current-month" style="display: none;">Jun</a> <a class="mx-current-year" style="display: none;">2020</a> <a class="mx-current-year" style="display: none;">2020 ~ 2029</a> <a class="mx-time-header" style="display: none;">2020-06-18</a></div>
                        <div class="mx-calendar-content">
                          <table class="mx-panel mx-panel-date" style="display: none;">
                            <thead>
                              <tr>
                                <th>Sun</th>
                                <th>Mon</th>
                                <th>Tue</th>
                                <th>Wed</th>
                                <th>Thu</th>
                                <th>Fri</th>
                                <th>Sat</th>
                              </tr>
                            </thead>
                            <tbody>
                              <tr>
                                <td data-year="2020" data-month="4" title="2020-05-31" class="cell last-month">31</td>
                                <td data-year="2020" data-month="5" title="2020-06-01" class="cell cur-month">1</td>
                                <td data-year="2020" data-month="5" title="2020-06-02" class="cell cur-month">2</td>
                                <td data-year="2020" data-month="5" title="2020-06-03" class="cell cur-month">3</td>
                                <td data-year="2020" data-month="5" title="2020-06-04" class="cell cur-month">4</td>
                                <td data-year="2020" data-month="5" title="2020-06-05" class="cell cur-month">5</td>
                                <td data-year="2020" data-month="5" title="2020-06-06" class="cell cur-month">6</td>
                              </tr>
                              <tr>
                                <td data-year="2020" data-month="5" title="2020-06-07" class="cell cur-month">7</td>
                                <td data-year="2020" data-month="5" title="2020-06-08" class="cell cur-month">8</td>
                                <td data-year="2020" data-month="5" title="2020-06-09" class="cell cur-month">9</td>
                                <td data-year="2020" data-month="5" title="2020-06-10" class="cell cur-month">10</td>
                                <td data-year="2020" data-month="5" title="2020-06-11" class="cell cur-month">11</td>
                                <td data-year="2020" data-month="5" title="2020-06-12" class="cell cur-month">12</td>
                                <td data-year="2020" data-month="5" title="2020-06-13" class="cell cur-month">13</td>
                              </tr>
                              <tr>
                                <td data-year="2020" data-month="5" title="2020-06-14" class="cell cur-month">14</td>
                                <td data-year="2020" data-month="5" title="2020-06-15" class="cell cur-month">15</td>
                                <td data-year="2020" data-month="5" title="2020-06-16" class="cell cur-month">16</td>
                                <td data-year="2020" data-month="5" title="2020-06-17" class="cell cur-month">17</td>
                                <td data-year="2020" data-month="5" title="2020-06-18" class="cell cur-month actived">18</td>
                                <td data-year="2020" data-month="5" title="2020-06-19" class="cell cur-month inrange">19</td>
                                <td data-year="2020" data-month="5" title="2020-06-20" class="cell cur-month inrange">20</td>
                              </tr>
                              <tr>
                                <td data-year="2020" data-month="5" title="2020-06-21" class="cell cur-month inrange">21</td>
                                <td data-year="2020" data-month="5" title="2020-06-22" class="cell cur-month inrange">22</td>
                                <td data-year="2020" data-month="5" title="2020-06-23" class="cell cur-month inrange">23</td>
                                <td data-year="2020" data-month="5" title="2020-06-24" class="cell cur-month inrange">24</td>
                                <td data-year="2020" data-month="5" title="2020-06-25" class="cell cur-month inrange">25</td>
                                <td data-year="2020" data-month="5" title="2020-06-26" class="cell cur-month inrange">26</td>
                                <td data-year="2020" data-month="5" title="2020-06-27" class="cell cur-month inrange">27</td>
                              </tr>
                              <tr>
                                <td data-year="2020" data-month="5" title="2020-06-28" class="cell cur-month inrange">28</td>
                                <td data-year="2020" data-month="5" title="2020-06-29" class="cell cur-month inrange">29</td>
                                <td data-year="2020" data-month="5" title="2020-06-30" class="cell cur-month inrange">30</td>
                                <td data-year="2020" data-month="6" title="2020-07-01" class="cell next-month inrange">1</td>
                                <td data-year="2020" data-month="6" title="2020-07-02" class="cell next-month inrange">2</td>
                                <td data-year="2020" data-month="6" title="2020-07-03" class="cell next-month inrange">3</td>
                                <td data-year="2020" data-month="6" title="2020-07-04" class="cell next-month inrange">4</td>
                              </tr>
                              <tr>
                                <td data-year="2020" data-month="6" title="2020-07-05" class="cell next-month inrange">5</td>
                                <td data-year="2020" data-month="6" title="2020-07-06" class="cell next-month inrange">6</td>
                                <td data-year="2020" data-month="6" title="2020-07-07" class="cell next-month inrange">7</td>
                                <td data-year="2020" data-month="6" title="2020-07-08" class="cell next-month inrange">8</td>
                                <td data-year="2020" data-month="6" title="2020-07-09" class="cell next-month inrange">9</td>
                                <td data-year="2020" data-month="6" title="2020-07-10" class="cell next-month inrange">10</td>
                                <td data-year="2020" data-month="6" title="2020-07-11" class="cell next-month inrange">11</td>
                              </tr>
                            </tbody>
                          </table>
                          <div class="mx-panel mx-panel-year" style="display: none;"><span class="cell actived">2020</span><span class="cell disabled">2021</span><span class="cell disabled">2022</span><span class="cell disabled">2023</span><span class="cell disabled">2024</span><span class="cell disabled">2025</span><span class="cell disabled">2026</span><span class="cell disabled">2027</span><span class="cell disabled">2028</span><span class="cell disabled">2029</span></div>
                          <div class="mx-panel mx-panel-month" style="display: none;"><span class="cell">Jan</span><span class="cell">Feb</span><span class="cell">Mar</span><span class="cell">Apr</span><span class="cell">May</span><span class="cell actived">Jun</span><span class="cell">Jul</span><span class="cell disabled">Aug</span><span class="cell disabled">Sep</span><span class="cell disabled">Oct</span><span class="cell disabled">Nov</span><span class="cell disabled">Dec</span></div>
                          <div class="mx-panel mx-panel-time" style="display: none;">
                            <ul class="mx-time-list" style="width: 33.333333333333336%;">
                              <li class="cell actived">00</li>
                              <li class="cell">01</li>
                              <li class="cell">02</li>
                              <li class="cell">03</li>
                              <li class="cell">04</li>
                              <li class="cell">05</li>
                              <li class="cell">06</li>
                              <li class="cell">07</li>
                              <li class="cell">08</li>
                              <li class="cell">09</li>
                              <li class="cell">10</li>
                              <li class="cell">11</li>
                              <li class="cell">12</li>
                              <li class="cell">13</li>
                              <li class="cell">14</li>
                              <li class="cell">15</li>
                              <li class="cell">16</li>
                              <li class="cell">17</li>
                              <li class="cell">18</li>
                              <li class="cell">19</li>
                              <li class="cell">20</li>
                              <li class="cell">21</li>
                              <li class="cell">22</li>
                              <li class="cell">23</li>
                            </ul>
                            <ul class="mx-time-list" style="width: 33.333333333333336%;">
                              <li class="cell actived">00</li>
                              <li class="cell">01</li>
                              <li class="cell">02</li>
                              <li class="cell">03</li>
                              <li class="cell">04</li>
                              <li class="cell">05</li>
                              <li class="cell">06</li>
                              <li class="cell">07</li>
                              <li class="cell">08</li>
                              <li class="cell">09</li>
                              <li class="cell">10</li>
                              <li class="cell">11</li>
                              <li class="cell">12</li>
                              <li class="cell">13</li>
                              <li class="cell">14</li>
                              <li class="cell">15</li>
                              <li class="cell">16</li>
                              <li class="cell">17</li>
                              <li class="cell">18</li>
                              <li class="cell">19</li>
                              <li class="cell">20</li>
                              <li class="cell">21</li>
                              <li class="cell">22</li>
                              <li class="cell">23</li>
                              <li class="cell">24</li>
                              <li class="cell">25</li>
                              <li class="cell">26</li>
                              <li class="cell">27</li>
                              <li class="cell">28</li>
                              <li class="cell">29</li>
                              <li class="cell">30</li>
                              <li class="cell">31</li>
                              <li class="cell">32</li>
                              <li class="cell">33</li>
                              <li class="cell">34</li>
                              <li class="cell">35</li>
                              <li class="cell">36</li>
                              <li class="cell">37</li>
                              <li class="cell">38</li>
                              <li class="cell">39</li>
                              <li class="cell">40</li>
                              <li class="cell">41</li>
                              <li class="cell">42</li>
                              <li class="cell">43</li>
                              <li class="cell">44</li>
                              <li class="cell">45</li>
                              <li class="cell">46</li>
                              <li class="cell">47</li>
                              <li class="cell">48</li>
                              <li class="cell">49</li>
                              <li class="cell">50</li>
                              <li class="cell">51</li>
                              <li class="cell">52</li>
                              <li class="cell">53</li>
                              <li class="cell">54</li>
                              <li class="cell">55</li>
                              <li class="cell">56</li>
                              <li class="cell">57</li>
                              <li class="cell">58</li>
                              <li class="cell">59</li>
                            </ul>
                            <ul class="mx-time-list" style="width: 33.333333333333336%;">
                              <li class="cell actived">00</li>
                              <li class="cell">01</li>
                              <li class="cell">02</li>
                              <li class="cell">03</li>
                              <li class="cell">04</li>
                              <li class="cell">05</li>
                              <li class="cell">06</li>
                              <li class="cell">07</li>
                              <li class="cell">08</li>
                              <li class="cell">09</li>
                              <li class="cell">10</li>
                              <li class="cell">11</li>
                              <li class="cell">12</li>
                              <li class="cell">13</li>
                              <li class="cell">14</li>
                              <li class="cell">15</li>
                              <li class="cell">16</li>
                              <li class="cell">17</li>
                              <li class="cell">18</li>
                              <li class="cell">19</li>
                              <li class="cell">20</li>
                              <li class="cell">21</li>
                              <li class="cell">22</li>
                              <li class="cell">23</li>
                              <li class="cell">24</li>
                              <li class="cell">25</li>
                              <li class="cell">26</li>
                              <li class="cell">27</li>
                              <li class="cell">28</li>
                              <li class="cell">29</li>
                              <li class="cell">30</li>
                              <li class="cell">31</li>
                              <li class="cell">32</li>
                              <li class="cell">33</li>
                              <li class="cell">34</li>
                              <li class="cell">35</li>
                              <li class="cell">36</li>
                              <li class="cell">37</li>
                              <li class="cell">38</li>
                              <li class="cell">39</li>
                              <li class="cell">40</li>
                              <li class="cell">41</li>
                              <li class="cell">42</li>
                              <li class="cell">43</li>
                              <li class="cell">44</li>
                              <li class="cell">45</li>
                              <li class="cell">46</li>
                              <li class="cell">47</li>
                              <li class="cell">48</li>
                              <li class="cell">49</li>
                              <li class="cell">50</li>
                              <li class="cell">51</li>
                              <li class="cell">52</li>
                              <li class="cell">53</li>
                              <li class="cell">54</li>
                              <li class="cell">55</li>
                              <li class="cell">56</li>
                              <li class="cell">57</li>
                              <li class="cell">58</li>
                              <li class="cell">59</li>
                            </ul>
                          </div>
                        </div>
                      </div>
                      <div class="mx-calendar mx-calendar-panel-none" id="time">
                        <div class="mx-calendar-header"><a class="mx-icon-last-year">«</a> <a class="mx-icon-last-month" style="display: none;">‹</a> <a class="mx-icon-next-year">»</a> <a class="mx-icon-next-month" style="display: none;">›</a> <a class="mx-current-month" style="display: none;">Jul</a> <a class="mx-current-year" style="display: none;">2020</a> <a class="mx-current-year" style="display: none;">2020 ~ 2029</a> <a class="mx-time-header" style="display: none;">2020-07-19</a></div>
                        <div class="mx-calendar-content">
                          <table class="mx-panel mx-panel-date" style="display: none;">
                            <thead>
                              <tr>
                                <th>Sun</th>
                                <th>Mon</th>
                                <th>Tue</th>
                                <th>Wed</th>
                                <th>Thu</th>
                                <th>Fri</th>
                                <th>Sat</th>
                              </tr>
                            </thead>
                            <tbody>
                              <tr>
                                <td data-year="2020" data-month="5" title="2020-06-28" class="cell last-month inrange">28</td>
                                <td data-year="2020" data-month="5" title="2020-06-29" class="cell last-month inrange">29</td>
                                <td data-year="2020" data-month="5" title="2020-06-30" class="cell last-month inrange">30</td>
                                <td data-year="2020" data-month="6" title="2020-07-01" class="cell cur-month inrange">1</td>
                                <td data-year="2020" data-month="6" title="2020-07-02" class="cell cur-month inrange">2</td>
                                <td data-year="2020" data-month="6" title="2020-07-03" class="cell cur-month inrange">3</td>
                                <td data-year="2020" data-month="6" title="2020-07-04" class="cell cur-month inrange">4</td>
                              </tr>
                              <tr>
                                <td data-year="2020" data-month="6" title="2020-07-05" class="cell cur-month inrange">5</td>
                                <td data-year="2020" data-month="6" title="2020-07-06" class="cell cur-month inrange">6</td>
                                <td data-year="2020" data-month="6" title="2020-07-07" class="cell cur-month inrange">7</td>
                                <td data-year="2020" data-month="6" title="2020-07-08" class="cell cur-month inrange">8</td>
                                <td data-year="2020" data-month="6" title="2020-07-09" class="cell cur-month inrange">9</td>
                                <td data-year="2020" data-month="6" title="2020-07-10" class="cell cur-month inrange">10</td>
                                <td data-year="2020" data-month="6" title="2020-07-11" class="cell cur-month inrange">11</td>
                              </tr>
                              <tr>
                                <td data-year="2020" data-month="6" title="2020-07-12" class="cell cur-month inrange">12</td>
                                <td data-year="2020" data-month="6" title="2020-07-13" class="cell cur-month inrange">13</td>
                                <td data-year="2020" data-month="6" title="2020-07-14" class="cell cur-month inrange">14</td>
                                <td data-year="2020" data-month="6" title="2020-07-15" class="cell cur-month inrange">15</td>
                                <td data-year="2020" data-month="6" title="2020-07-16" class="cell cur-month inrange">16</td>
                                <td data-year="2020" data-month="6" title="2020-07-17" class="cell cur-month inrange">17</td>
                                <td data-year="2020" data-month="6" title="2020-07-18" class="cell cur-month today inrange">18</td>
                              </tr>
                              <tr>
                                <td data-year="2020" data-month="6" title="2020-07-19" class="cell cur-month actived">19</td>
                                <td data-year="2020" data-month="6" title="2020-07-20" class="cell cur-month">20</td>
                                <td data-year="2020" data-month="6" title="2020-07-21" class="cell cur-month">21</td>
                                <td data-year="2020" data-month="6" title="2020-07-22" class="cell cur-month">22</td>
                                <td data-year="2020" data-month="6" title="2020-07-23" class="cell cur-month">23</td>
                                <td data-year="2020" data-month="6" title="2020-07-24" class="cell cur-month">24</td>
                                <td data-year="2020" data-month="6" title="2020-07-25" class="cell cur-month">25</td>
                              </tr>
                              <tr>
                                <td data-year="2020" data-month="6" title="2020-07-26" class="cell cur-month">26</td>
                                <td data-year="2020" data-month="6" title="2020-07-27" class="cell cur-month">27</td>
                                <td data-year="2020" data-month="6" title="2020-07-28" class="cell cur-month">28</td>
                                <td data-year="2020" data-month="6" title="2020-07-29" class="cell cur-month">29</td>
                                <td data-year="2020" data-month="6" title="2020-07-30" class="cell cur-month">30</td>
                                <td data-year="2020" data-month="6" title="2020-07-31" class="cell cur-month">31</td>
                                <td data-year="2020" data-month="7" title="2020-08-01" class="cell next-month">1</td>
                              </tr>
                              <tr>
                                <td data-year="2020" data-month="7" title="2020-08-02" class="cell next-month">2</td>
                                <td data-year="2020" data-month="7" title="2020-08-03" class="cell next-month">3</td>
                                <td data-year="2020" data-month="7" title="2020-08-04" class="cell next-month">4</td>
                                <td data-year="2020" data-month="7" title="2020-08-05" class="cell next-month">5</td>
                                <td data-year="2020" data-month="7" title="2020-08-06" class="cell next-month">6</td>
                                <td data-year="2020" data-month="7" title="2020-08-07" class="cell next-month">7</td>
                                <td data-year="2020" data-month="7" title="2020-08-08" class="cell next-month">8</td>
                              </tr>
                            </tbody>
                          </table>
                          <div class="mx-panel mx-panel-year" style="display: none;"><span class="cell actived">2020</span><span class="cell">2021</span><span class="cell">2022</span><span class="cell">2023</span><span class="cell">2024</span><span class="cell">2025</span><span class="cell">2026</span><span class="cell">2027</span><span class="cell">2028</span><span class="cell">2029</span></div>
                          <div class="mx-panel mx-panel-month" style="display: none;"><span class="cell disabled">Jan</span><span class="cell disabled">Feb</span><span class="cell disabled">Mar</span><span class="cell disabled">Apr</span><span class="cell disabled">May</span><span class="cell">Jun</span><span class="cell actived">Jul</span><span class="cell">Aug</span><span class="cell">Sep</span><span class="cell">Oct</span><span class="cell">Nov</span><span class="cell">Dec</span></div>
                          <div class="mx-panel mx-panel-time" style="display: none;">
                            <ul class="mx-time-list" style="width: 33.333333333333336%;">
                              <li class="cell actived">00</li>
                              <li class="cell">01</li>
                              <li class="cell">02</li>
                              <li class="cell">03</li>
                              <li class="cell">04</li>
                              <li class="cell">05</li>
                              <li class="cell">06</li>
                              <li class="cell">07</li>
                              <li class="cell">08</li>
                              <li class="cell">09</li>
                              <li class="cell">10</li>
                              <li class="cell">11</li>
                              <li class="cell">12</li>
                              <li class="cell">13</li>
                              <li class="cell">14</li>
                              <li class="cell">15</li>
                              <li class="cell">16</li>
                              <li class="cell">17</li>
                              <li class="cell">18</li>
                              <li class="cell">19</li>
                              <li class="cell">20</li>
                              <li class="cell">21</li>
                              <li class="cell">22</li>
                              <li class="cell">23</li>
                            </ul>
                            <ul class="mx-time-list" style="width: 33.333333333333336%;">
                              <li class="cell actived">00</li>
                              <li class="cell">01</li>
                              <li class="cell">02</li>
                              <li class="cell">03</li>
                              <li class="cell">04</li>
                              <li class="cell">05</li>
                              <li class="cell">06</li>
                              <li class="cell">07</li>
                              <li class="cell">08</li>
                              <li class="cell">09</li>
                              <li class="cell">10</li>
                              <li class="cell">11</li>
                              <li class="cell">12</li>
                              <li class="cell">13</li>
                              <li class="cell">14</li>
                              <li class="cell">15</li>
                              <li class="cell">16</li>
                              <li class="cell">17</li>
                              <li class="cell">18</li>
                              <li class="cell">19</li>
                              <li class="cell">20</li>
                              <li class="cell">21</li>
                              <li class="cell">22</li>
                              <li class="cell">23</li>
                              <li class="cell">24</li>
                              <li class="cell">25</li>
                              <li class="cell">26</li>
                              <li class="cell">27</li>
                              <li class="cell">28</li>
                              <li class="cell">29</li>
                              <li class="cell">30</li>
                              <li class="cell">31</li>
                              <li class="cell">32</li>
                              <li class="cell">33</li>
                              <li class="cell">34</li>
                              <li class="cell">35</li>
                              <li class="cell">36</li>
                              <li class="cell">37</li>
                              <li class="cell">38</li>
                              <li class="cell">39</li>
                              <li class="cell">40</li>
                              <li class="cell">41</li>
                              <li class="cell">42</li>
                              <li class="cell">43</li>
                              <li class="cell">44</li>
                              <li class="cell">45</li>
                              <li class="cell">46</li>
                              <li class="cell">47</li>
                              <li class="cell">48</li>
                              <li class="cell">49</li>
                              <li class="cell">50</li>
                              <li class="cell">51</li>
                              <li class="cell">52</li>
                              <li class="cell">53</li>
                              <li class="cell">54</li>
                              <li class="cell">55</li>
                              <li class="cell">56</li>
                              <li class="cell">57</li>
                              <li class="cell">58</li>
                              <li class="cell">59</li>
                            </ul>
                            <ul class="mx-time-list" style="width: 33.333333333333336%;">
                              <li class="cell actived">00</li>
                              <li class="cell">01</li>
                              <li class="cell">02</li>
                              <li class="cell">03</li>
                              <li class="cell">04</li>
                              <li class="cell">05</li>
                              <li class="cell">06</li>
                              <li class="cell">07</li>
                              <li class="cell">08</li>
                              <li class="cell">09</li>
                              <li class="cell">10</li>
                              <li class="cell">11</li>
                              <li class="cell">12</li>
                              <li class="cell">13</li>
                              <li class="cell">14</li>
                              <li class="cell">15</li>
                              <li class="cell">16</li>
                              <li class="cell">17</li>
                              <li class="cell">18</li>
                              <li class="cell">19</li>
                              <li class="cell">20</li>
                              <li class="cell">21</li>
                              <li class="cell">22</li>
                              <li class="cell">23</li>
                              <li class="cell">24</li>
                              <li class="cell">25</li>
                              <li class="cell">26</li>
                              <li class="cell">27</li>
                              <li class="cell">28</li>
                              <li class="cell">29</li>
                              <li class="cell">30</li>
                              <li class="cell">31</li>
                              <li class="cell">32</li>
                              <li class="cell">33</li>
                              <li class="cell">34</li>
                              <li class="cell">35</li>
                              <li class="cell">36</li>
                              <li class="cell">37</li>
                              <li class="cell">38</li>
                              <li class="cell">39</li>
                              <li class="cell">40</li>
                              <li class="cell">41</li>
                              <li class="cell">42</li>
                              <li class="cell">43</li>
                              <li class="cell">44</li>
                              <li class="cell">45</li>
                              <li class="cell">46</li>
                              <li class="cell">47</li>
                              <li class="cell">48</li>
                              <li class="cell">49</li>
                              <li class="cell">50</li>
                              <li class="cell">51</li>
                              <li class="cell">52</li>
                              <li class="cell">53</li>
                              <li class="cell">54</li>
                              <li class="cell">55</li>
                              <li class="cell">56</li>
                              <li class="cell">57</li>
                              <li class="cell">58</li>
                              <li class="cell">59</li>
                            </ul>
                          </div>
                        </div>
                      </div>
                    </div>
                    <div class="mx-datepicker-footer"><button type="button" class="mx-datepicker-btn mx-datepicker-btn-confirm">OK</button></div>
                  </div>
                </div>
              </no-ssr-stub>
            </div>
          </div>
        </div>
        <div class="card-body">
          <div class="m-n25">
            <table role="table" aria-busy="false" aria-colcount="5" class="table b-table table-striped" id="__BVID__36">
              <!---->
              <!---->
              <thead role="rowgroup" class="">
                <!---->
                <tr role="row" class="">
                  <th role="columnheader" scope="col" aria-colindex="1" class="">Full Name</th>
                  <th role="columnheader" scope="col" aria-colindex="2" class="">Type</th>
                  <th role="columnheader" scope="col" aria-colindex="3" class="">Company</th>
                  <th role="columnheader" scope="col" aria-colindex="4" class="">Checkin Timestamp</th>
                  <th role="columnheader" scope="col" aria-colindex="5" class="">Checkout Timestamp</th>
                </tr>
              </thead>
              <tbody role="rowgroup">
                <!---->
                <tr role="row" class="b-table-empty-row">
                  <td colspan="5" role="cell" class="">
                    <div role="alert" aria-live="polite">
                      <div class="text-center my-2">There are no records to show</div>
                    </div>
                  </td>
                </tr>
                <!---->
              </tbody>
              <!---->
            </table>
          </div>
        </div>
        <!---->
        <div class="card-footer">
          <div>
            <ul class="pagination justify-content-center">
              <li class="page-item prev-page disabled"><a aria-label="Previous" class="page-link"><span aria-hidden="true"><i aria-hidden="true" class="fa fa-angle-left"></i></span></a></li>
              <li class="page-item active"><a class="page-link">1</a></li>
              <li class="page-item next-page disabled"><a aria-label="Next" class="page-link"><span aria-hidden="true"><i aria-hidden="true" class="fa fa-angle-right"></i></span></a></li>
            </ul>
          </div>
        </div>
      </div>
      <div class="card">
        <div class="card-header">
          <div class="d-flex justify-content-between">
            <div class="txt-upper">
              Events
            </div>
          </div>
        </div>
        <div class="card-body">
          <div class="m-n25">
            <div class="overflow-auto">
              <table id="my-table" role="table" aria-busy="false" aria-colcount="0" class="table b-table table-striped">
                <!---->
                <!---->
                <!---->
                <tbody role="rowgroup">
                  <!---->
                  <tr role="row" class="b-table-empty-row">
                    <td role="cell" class="">
                      <div role="alert" aria-live="polite">
                        <div class="text-center my-2">There are no records to show</div>
                      </div>
                    </td>
                  </tr>
                  <!---->
                </tbody>
                <!---->
              </table>
            </div>
          </div>
        </div>
        <!---->
        <div class="card-footer">
          <div>
            <ul role="menubar" aria-disabled="false" aria-label="Pagination" class="pagination b-pagination justify-content-center">
              <li role="presentation" aria-hidden="true" class="page-item disabled"><span role="menuitem" aria-label="Go to first page" aria-controls="my-table" aria-disabled="true" class="page-link">«</span></li>
              <li role="presentation" aria-hidden="true" class="page-item disabled"><span role="menuitem" aria-label="Go to previous page" aria-controls="my-table" aria-disabled="true" class="page-link">‹</span></li>
              <!---->
              <li role="presentation" class="page-item active"><a role="menuitemradio" aria-controls="my-table" aria-label="Go to page 1" aria-checked="true" aria-posinset="1" aria-setsize="1" tabindex="0" target="_self" href="#" class="page-link">1</a></li>
              <!---->
              <li role="presentation" aria-hidden="true" class="page-item disabled"><span role="menuitem" aria-label="Go to next page" aria-controls="my-table" aria-disabled="true" class="page-link">›</span></li>
              <li role="presentation" aria-hidden="true" class="page-item disabled"><span role="menuitem" aria-label="Go to last page" aria-controls="my-table" aria-disabled="true" class="page-link">»</span></li>
            </ul>
          </div>
        </div>
      </div>
    </div>
  </div>
</div>
<!---->
<div id="add-plan___BV_modal_outer_" style="position: absolute; z-index: 1040;">
  <div id="add-plan" role="dialog" aria-hidden="true" aria-labelledby="add-plan___BV_modal_title_" aria-describedby="add-plan___BV_modal_body_" class="modal fade" style="display: none;">
    <div class="modal-dialog modal-md">
      <!---->
      <div role="document" id="add-plan___BV_modal_content_" tabindex="-1" class="modal-content">
        <header id="add-plan___BV_modal_header_" class="modal-header">
          <h5 id="add-plan___BV_modal_title_" class="modal-title">Add New Plan</h5><button type="button" aria-label="Close" class="close">×</button>
        </header>
        <div id="add-plan___BV_modal_body_" class="modal-body">
          <div>
            <form class="">
              <div class="row">
                <fieldset id="selectPlan" class="form-group col-md-12">
                  <legend id="selectPlan__BV_label_" tabindex="-1" class="col-form-label pt-0">Plan</legend>
                  <div tabindex="-1" role="group">
                    <div class="el-select">
                      <!---->
                      <div class="el-input el-input--suffix">
                        <!----><input type="text" readonly="readonly" autocomplete="off" placeholder="Choose New Plan" class="el-input__inner">
                        <!----><span class="el-input__suffix"><span class="el-input__suffix-inner"><i class="el-select__caret el-input__icon el-icon-"></i><!----><!----><!----><!----><!----></span>
                        <!----></span>
                        <!---->
                        <!---->
                      </div>
                      <div class="el-select-dropdown el-popper" style="display: none;">
                        <div class="el-scrollbar" style="">
                          <div class="el-select-dropdown__wrap el-scrollbar__wrap el-scrollbar__wrap--hidden-default">
                            <ul class="el-scrollbar__view el-select-dropdown__list">
                              <!---->
                              <li class="el-select-dropdown__item"><span>Household Membership</span></li>
                              <li class="el-select-dropdown__item"><span>Admin Plan</span></li>
                            </ul>
                          </div>
                          <div class="el-scrollbar__bar is-horizontal">
                            <div class="el-scrollbar__thumb" style="transform: translateX(0%); webkit-transform: translateX(0%);"></div>
                          </div>
                          <div class="el-scrollbar__bar is-vertical">
                            <div class="el-scrollbar__thumb" style="transform: translateY(0%); webkit-transform: translateY(0%);"></div>
                          </div>
                        </div>
                        <!---->
                      </div>
                    </div>
                    <!---->
                    <!---->
                    <!---->
                  </div>
                </fieldset>
                <fieldset id="memberCard" class="form-group col-md-12">
                  <legend id="memberCard__BV_label_" tabindex="-1" class="col-form-label pt-0">Payment Source</legend>
                  <div tabindex="-1" role="group">
                    <div class="el-select">
                      <!---->
                      <div class="el-input el-input--suffix">
                        <!----><input type="text" readonly="readonly" autocomplete="off" placeholder="Choose Card" class="el-input__inner">
                        <!----><span class="el-input__suffix"><span class="el-input__suffix-inner"><i class="el-select__caret el-input__icon el-icon-arrow-up"></i><!----><!----><!----><!----><!----></span>
                        <!----></span>
                        <!---->
                        <!---->
                      </div>
                      <div class="el-select-dropdown el-popper" style="display: none;">
                        <div class="el-scrollbar" style="">
                          <div class="el-select-dropdown__wrap el-scrollbar__wrap el-scrollbar__wrap--hidden-default">
                            <ul class="el-scrollbar__view el-select-dropdown__list">
                              <!---->
                              <li class="el-select-dropdown__item"><span>MASTERCARD ~ **** 9399</span></li>
                            </ul>
                          </div>
                          <div class="el-scrollbar__bar is-horizontal">
                            <div class="el-scrollbar__thumb" style="transform: translateX(0%); webkit-transform: translateX(0%);"></div>
                          </div>
                          <div class="el-scrollbar__bar is-vertical">
                            <div class="el-scrollbar__thumb" style="transform: translateY(0%); webkit-transform: translateY(0%);"></div>
                          </div>
                        </div>
                        <!---->
                      </div>
                    </div>
                    <!---->
                    <!---->
                    <!---->
                  </div>
                </fieldset>
              </div>
              <div class="row">
                <fieldset class="form-group col-md-6" id="__BVID__76">
                  <legend tabindex="-1" class="col-form-label pt-0" id="__BVID__76__BV_label_">Trial</legend>
                  <div tabindex="-1" role="group">
                    <div class="custom-control custom-checkbox"><input id="checkbox-1" type="checkbox" name="checkbox-1" autocomplete="off" class="custom-control-input" value="true"><label for="checkbox-1" class="custom-control-label">
                        Yes
                      </label></div>
                    <!---->
                    <!---->
                    <!---->
                  </div>
                </fieldset>
                <!---->
              </div> <button type="submit" class="btn float-right btn-primary">Add Plan</button>
            </form>
          </div>
        </div>
        <!---->
      </div>
      <!---->
    </div>
  </div>
  <!---->
</div>
<!---->
<div role="presentation" class="el-dialog__wrapper" style="display: none;">
  <div role="document" tabindex="-1" class="el-drawer__container">
    <div aria-modal="true" aria-labelledby="el-drawer__title" role="presentation" class="el-drawer rtl" style="width: 30%;">
      <header id="el-drawer__title" class="el-drawer__header"><span role="heading">Notes</span><button aria-label="close Notes" type="button" class="el-drawer__close-btn"><i class="el-dialog__close el-icon el-icon-close"></i></button></header>
      <!---->
    </div>
  </div>
</div>
</div>
`;
